// Jest Snapshot v1, https://goo.gl/fbAQLP

exports[`Value change when change event is triggered 1`] = `
"Snapshot Diff:
- First value
+ Second value

@@ -5,11 +5,11 @@
      </label>
      <br />
      <input
        name=\\"firstName\\"
        type=\\"text\\"
-       value=\\"Antonio\\"
+       value=\\"Pedro\\"
      />
      <button
        type=\\"submit\\"
      >
        Submit"
`;
