// Jest Snapshot v1, https://goo.gl/fbAQLP

exports[`Value change when change event is triggered 1`] = `
"Snapshot Diff:
- First value
+ Second value

@@ -5,11 +5,11 @@
          First name
        </label>
        <input
          label=\\"First name\\"
          name=\\"firstName\\"
-         value=\\"Antonio\\"
+         value=\\"Pedro\\"
        />
      </div>
      <button
        type=\\"submit\\"
      >"
`;
